// Jest Snapshot v1, https://goo.gl/fbAQLP

exports[`SectionArticles component Should render the SectionArticles component 1`] = `
<Section
  className=" c-section--slides fullsize-background"
  hasButton={true}
  hasShell={true}
  id="articles"
  style={
    Object {
      "backgroundImage": "url(images/temp/articles.jpg)",
    }
  }
>
  <h2>
    Articles
  </h2>
  <div
    className="c-section__body o-grid"
  >
    <div
      className="o-grid__item xs-12 sm-6"
      key="0"
    >
      <ExternalLink
        className="c-article-link fullsize-background"
        href="https://htmlburger.com/blog/jarvis-task-runner/"
        style={
          Object {
            "backgroundImage": "url(https://htmlburger.com/blog/wp-content/uploads/2017/11/jarvis-Recovered-2-826x464.jpg)",
          }
        }
      >
        <strong>
          Jarvis: The Intelligent Front-End Task Runner
        </strong>
      </ExternalLink>
    </div>
    <div
      className="o-grid__item xs-12 sm-6"
      key="1"
    >
      <ExternalLink
        className="c-article-link fullsize-background"
        href="https://htmlboutique.com/blog/2015/11/13/ionic-development-by-htmlboutique/"
        style={
          Object {
            "backgroundImage": "url(https://htmlboutique.com/blog/wp-content/uploads/2015/11/ionicnew3.jpg)",
          }
        }
      >
        <strong>
          Ionic Development by htmlBoutique
        </strong>
      </ExternalLink>
    </div>
    <div
      className="o-grid__item xs-12 sm-6"
      key="2"
    >
      <ExternalLink
        className="c-article-link fullsize-background"
        href="https://scriptexbg.wordpress.com/2021/03/11/bulk-image-watermark-with-nodejs-and-jimp/"
        style={
          Object {
            "backgroundImage": "url(https://scriptexbg.files.wordpress.com/2021/03/3phjrjs.jpg)",
          }
        }
      >
        <strong>
          Bulk image watermark with NodeJS and Jimp
        </strong>
      </ExternalLink>
    </div>
    <div
      className="o-grid__item xs-12 sm-6"
      key="3"
    >
      <ExternalLink
        className="c-article-link fullsize-background"
        href="https://scriptexbg.wordpress.com/2021/02/19/running-multiple-webpack-based-applications-simultaneously/"
        style={
          Object {
            "backgroundImage": "url(https://scriptexbg.files.wordpress.com/2021/02/nodejs-1.png)",
          }
        }
      >
        <strong>
          Running multiple Webpack based applications simultaneously
        </strong>
      </ExternalLink>
    </div>
  </div>
</Section>
`;
