// Jest Snapshot v1, https://goo.gl/fbAQLP

exports[`Social component Should render the Social component 1`] = `
<DocumentFragment>
  <main
    class="o-main"
  >
    <section
      class="c-section c-section--social"
      id="social"
    >
      <header
        class="c-section__header"
      >
        <div
          class="o-shell"
        >
          <div
            class="c-section__animation"
            style="width: 150px; height: 150px; margin-left: auto; margin-right: auto;"
          />
          <h2>
            Social
          </h2>
        </div>
      </header>
      <div
        class="lines"
      >
        <div
          class="line line--vertical"
        />
        <div
          class="line line--vertical"
        />
        <div
          class="line line--vertical"
        />
      </div>
      <div
        class="lines"
      >
        <div
          class="line line--horizontal"
        />
        <div
          class="line line--horizontal"
        />
        <div
          class="line line--horizontal"
        />
      </div>
      <div
        class="c-section__entry c-section__entry--primary"
      >
        <div
          class="o-shell"
        >
          <div
            class="o-grid"
          >
            <div
              class="o-grid__item xs-12 sm-6"
            >
              <h3>
                LinkedIn Profile
              </h3>
              <div
                class="linkedin-badge bubbles"
              >
                <div
                  class="linkedin-badge__content"
                >
                  <img
                    alt="Atanas Atanasov smiling dressed in a green t-shirt"
                    height="240"
                    loading="lazy"
                    src="/images/temp/atanas.jpg"
                    width="240"
                  />
                  <h4>
                    <a
                      href="https://linkedin.com/in/scriptex"
                      rel="noopener noreferrer"
                      target="_blank"
                    >
                      👨💻 Atanas Atanasov
                      <svg
                        class="c-svg-external-link"
                      >
                        <use
                          xlink:href="#svg-external-link"
                        />
                      </svg>
                    </a>
                  </h4>
                  <h5>
                    Lead Front-end Engineer / E.ON Home Project @E.ON
                  </h5>
                  <h5>
                    <a
                      href="https://www.linkedin.com/company/e-on"
                      rel="noopener noreferrer"
                      target="_blank"
                    >
                      E.ON
                      <svg
                        class="c-svg-external-link"
                      >
                        <use
                          xlink:href="#svg-external-link"
                        />
                      </svg>
                    </a>
                     |
                    <a
                      href="https://www.linkedin.com/school/university-of-economics-varna"
                      rel="noopener noreferrer"
                      target="_blank"
                    >
                      University of Economics - Varna
                      <svg
                        class="c-svg-external-link"
                      >
                        <use
                          xlink:href="#svg-external-link"
                        />
                      </svg>
                    </a>
                  </h5>
                  <a
                    class="c-btn c-btn--small"
                    href="https://linkedin.com/in/scriptex"
                    rel="noopener noreferrer"
                    target="_blank"
                  >
                    View profile
                    <svg
                      class="c-svg-external-link"
                    >
                      <use
                        xlink:href="#svg-external-link"
                      />
                    </svg>
                  </a>
                </div>
              </div>
            </div>
            <div
              class="o-grid__item xs-12 sm-6"
            >
              <h3>
                Codersrank Profile
              </h3>
              <codersrank-widget
                branding="false"
                username="scriptex"
              />
            </div>
            <div
              class="o-grid__item xs-12 sm-6"
            >
              <h3>
                Github Profile
              </h3>
              <iframe
                class="github-frame"
                frameborder="0"
                height="400"
                loading="lazy"
                src="https://github.com/sponsors/scriptex/card"
                title="Sponsor scriptex"
                width="600"
              />
            </div>
            <div
              class="o-grid__item xs-12 sm-6"
            >
              <h3>
                Twitter Profile
              </h3>
              <a
                class="twitter-timeline"
                data-dnt="true"
                data-theme="dark"
                href="//twitter.com/scriptexbg"
              >
                Tweets by scriptexbg
              </a>
            </div>
            <div
              class="o-grid__item xs-12 sm-6"
            >
              <h3>
                YouTube Channel
              </h3>
              <iframe
                allow="accelerometer; autoplay; clipboard-write; encrypted-media; gyroscope; picture-in-picture"
                allowfullscreen=""
                class="youtube-frame"
                frameborder="0"
                height="400"
                loading="lazy"
                src="https://www.youtube.com/embed/?list=PLgLu3XOevO8_G7n5n9Mmoe-xPwuwpGDYr"
                title="YouTube video player"
              />
            </div>
            <div
              class="o-grid__item xs-12 sm-6"
            >
              <h3>
                Spotify playlist
              </h3>
              <iframe
                allow="encrypted-media"
                class="spotify-frame"
                frameborder="0"
                height="400"
                loading="lazy"
                src="https://open.spotify.com/embed/playlist/37i9dQZF1EpzZomgLqaOnp?theme=0"
                width="100%"
              />
            </div>
            <div
              class="o-grid__item xs-12 sm-6"
            >
              <h3>
                Stackoverflow flair
              </h3>
              <div
                class="stackoverflow-frame"
              >
                <a
                  href="https://stackoverflow.com/users/4140082/atanas-atanasov"
                  rel="noopener noreferrer"
                  target="_blank"
                >
                  <img
                    alt="profile for Atanas Atanasov at Stack Overflow, Q&A for professional and enthusiast programmers"
                    height="58"
                    loading="lazy"
                    src="https://stackoverflow.com/users/flair/4140082.png"
                    title="profile for Atanas Atanasov at Stack Overflow, Q&A for professional and enthusiast programmers"
                    width="208"
                  />
                  <svg
                    class="c-svg-external-link"
                  >
                    <use
                      xlink:href="#svg-external-link"
                    />
                  </svg>
                </a>
              </div>
            </div>
          </div>
        </div>
      </div>
      <header
        class="c-section__header"
      >
        <h2>
          <a
            href="https://www.last.fm/user/scriptex"
            rel="noopener noreferrer"
            target="_blank"
          >
            Last.FM
            <svg
              class="c-svg-external-link"
            >
              <use
                xlink:href="#svg-external-link"
              />
            </svg>
          </a>
           statistics
          <small>
            Updated at Mock date
          </small>
        </h2>
      </header>
      <div
        class="c-section__entry"
      >
        <div
          class="o-shell"
        >
          <div
            class="o-grid"
          >
            <div
              class="o-grid__item xs-12"
            >
              <h3>
                Top albums for last week:
              </h3>
              <div
                class="carousel"
              >
                <div
                  class="carousel__container"
                  style="transform: translateZ(NaNpx) rotateY(NaNdeg);"
                />
              </div>
              <div
                class="carousel__controls"
              >
                <button
                  class="carousel__control carousel__control--prev"
                >
                  Previous
                </button>
                <button
                  class="carousel__control carousel__control--next"
                >
                  Next
                </button>
              </div>
            </div>
            <div
              class="o-grid__item xs-12"
            >
              <h3>
                Top albums for last month:
              </h3>
              <div
                class="carousel"
              >
                <div
                  class="carousel__container"
                  style="transform: translateZ(857390066042756900px) rotateY(0deg);"
                >
                  <div
                    class="carousel__slide"
                    style="opacity: 1; transform: rotateY(0deg) translateZ(-857390066042756900px);"
                  >
                    <img
                      alt="Decksandrumsandrockandroll 20th anniversary"
                      src="https://lastfm.freetls.fastly.net/i/u/174s/8ddf62e36c4609d08d0d98567d36224f.jpg"
                    />
                    <div
                      class="carousel__slide-overlay"
                    >
                      <strong>
                        Decksandrumsandrockandroll 20th anniversary
                      </strong>
                      <span>
                        Propellerheads
                      </span>
                    </div>
                  </div>
                </div>
              </div>
              <div
                class="carousel__controls"
              >
                <button
                  class="carousel__control carousel__control--prev"
                >
                  Previous
                </button>
                <button
                  class="carousel__control carousel__control--next"
                >
                  Next
                </button>
              </div>
            </div>
          </div>
        </div>
      </div>
      <div
        class="c-section__actions"
      >
        <button
          class="c-btn"
          type="button"
        >
          Get in touch
        </button>
        <ul
          class="c-section__actions-list"
        >
          <li>
            <button
              class="c-btn c-section__actions-close"
              type="button"
            >
              Close
            </button>
          </li>
          <li>
            <button
              class="c-btn"
              type="button"
            >
              <svg
                class="c-section__actions-icon"
              >
                <use
                  xlink:href="#svg-email"
                />
              </svg>
              <span>
                Contact me
              </span>
              <strong>
                directly
              </strong>
            </button>
          </li>
          <li>
            <a
              class="c-btn"
              href="https://app.usebraintrust.com/talent/782/"
              rel="noopener noreferrer"
              target="_blank"
            >
              <svg
                class="c-section__actions-icon"
              >
                <use
                  xlink:href="#svg-braintrust"
                />
              </svg>
              <span>
                Hire me on
              </span>
              <strong>
                Braintrust
              </strong>
              <svg
                class="c-svg-external-link"
              >
                <use
                  xlink:href="#svg-external-link"
                />
              </svg>
            </a>
          </li>
          <li>
            <a
              class="c-btn"
              href="https://www.toptal.com/resume/atanas-atanasov"
              rel="noopener noreferrer"
              target="_blank"
            >
              <svg
                class="c-section__actions-icon"
              >
                <use
                  xlink:href="#svg-toptal"
                />
              </svg>
              <span>
                Hire me on
              </span>
              <strong>
                Toptal
              </strong>
              <svg
                class="c-svg-external-link"
              >
                <use
                  xlink:href="#svg-external-link"
                />
              </svg>
            </a>
          </li>
        </ul>
      </div>
    </section>
  </main>
</DocumentFragment>
`;

exports[`Social component Should unmount the Social component 1`] = `<DocumentFragment />`;
