// Jest Snapshot v1, https://goo.gl/fbAQLP

exports[`SectionCertificates component Should render the SectionCertificates component 1`] = `
<Component
  hasButton={true}
  hasShell={true}
  id="certificates"
>
  <h1>
    Certificates
  </h1>
  <div
    className="o-grid c-section__body"
  >
    <div
      className="o-grid__item xs-12 sm-6"
      key="0"
    >
      <Component
        className="c-certificate"
        href="certificates/html.pdf"
      >
        <img
          alt="HTML"
          loading="lazy"
          src="certificates/html.jpg"
          width="600"
        />
      </Component>
    </div>
    <div
      className="o-grid__item xs-12 sm-6"
      key="1"
    >
      <Component
        className="c-certificate"
        href="certificates/javascript.pdf"
      >
        <img
          alt="JavaScript"
          loading="lazy"
          src="certificates/javascript.jpg"
          width="600"
        />
      </Component>
    </div>
    <div
      className="o-grid__item xs-12 sm-6"
      key="2"
    >
      <Component
        className="c-certificate"
        href="certificates/python.pdf"
      >
        <img
          alt="Python"
          loading="lazy"
          src="certificates/python.jpg"
          width="600"
        />
      </Component>
    </div>
    <div
      className="o-grid__item xs-12 sm-6"
      key="3"
    >
      <Component
        className="c-certificate"
        href="certificates/react.pdf"
      >
        <img
          alt="React Development"
          loading="lazy"
          src="certificates/react.jpg"
          width="600"
        />
      </Component>
    </div>
    <div
      className="o-grid__item xs-12 sm-6"
      key="4"
    >
      <Component
        className="c-certificate"
        href="certificates/css.pdf"
      >
        <img
          alt="CSS"
          loading="lazy"
          src="certificates/css.jpg"
          width="600"
        />
      </Component>
    </div>
    <div
      className="o-grid__item xs-12 sm-6"
      key="5"
    >
      <Component
        className="c-certificate"
        href="certificates/deno.pdf"
      >
        <img
          alt="Deno"
          loading="lazy"
          src="certificates/deno.jpg"
          width="600"
        />
      </Component>
    </div>
  </div>
</Component>
`;
