// Jest Snapshot v1, https://goo.gl/fbAQLP

exports[`Contact component Should render the Contact component 1`] = `
<form
  action="https://formspree.io/meqrwbvd"
  class="c-contact"
  method="POST"
>
  <button
    class="c-contact__close"
    type="button"
  >
    Close
  </button>
  <div
    class="c-contact__body"
  >
    <h2>
      Send me your message
    </h2>
    <div
      class="c-contact__field"
    >
      <label
        for="email"
      >
        Email:
      </label>
      <input
        id="email"
        name="email"
        required=""
        type="email"
      />
    </div>
    <div
      class="c-contact__field"
    >
      <label
        for="message"
      >
        Message:
      </label>
      <textarea
        cols="30"
        id="message"
        name="message"
        required=""
        rows="10"
      />
    </div>
    <div
      class="c-contact__actions"
    >
      <button
        class="c-btn "
        type="submit"
      >
        Send message
      </button>
    </div>
  </div>
</form>
`;
