// Jest Snapshot v1, https://goo.gl/fbAQLP

exports[`Skills component Should render the Skills component 1`] = `
<DocumentFragment>
  <main
    class="o-main"
  >
    <section
      class="c-section c-section--skills bubbles"
      id="skills"
    >
      <div
        class="o-shell"
      >
        <header
          class="c-section__header"
        >
          <h2>
            Skills
          </h2>
          <h3>
            Drag the bubbles to play
          </h3>
        </header>
        <div
          class="c-section__container"
        >
          <div
            class="lines"
          >
            <div
              class="line line--vertical"
            />
            <div
              class="line line--vertical"
            />
            <div
              class="line line--vertical"
            />
          </div>
          <div
            class="lines"
          >
            <div
              class="line line--horizontal"
            />
            <div
              class="line line--horizontal"
            />
            <div
              class="line line--horizontal"
            />
          </div>
          <div
            id="skills-graph"
          />
          <div
            class="o-grid is--hidden"
          >
            <div
              class="o-grid__item xs-12 sm-6 md-4 lg-3"
            >
              <div
                class="c-skill"
              >
                <figure
                  style="background-color: rgb(255, 154, 0);"
                >
                  <svg
                    class="c-skill__icon"
                    height="34"
                    width="34"
                  >
                    <use
                      xlink:href="#svg-adobeillustrator"
                    />
                  </svg>
                </figure>
                <p>
                  <strong>
                    Adobe Illustrator
                  </strong>
                  Since 2014
                </p>
              </div>
            </div>
            <div
              class="o-grid__item xs-12 sm-6 md-4 lg-3"
            >
              <div
                class="c-skill"
              >
                <figure
                  style="background-color: rgb(49, 168, 255);"
                >
                  <svg
                    class="c-skill__icon"
                    height="34"
                    width="34"
                  >
                    <use
                      xlink:href="#svg-adobephotoshop"
                    />
                  </svg>
                </figure>
                <p>
                  <strong>
                    Adobe Photoshop
                  </strong>
                  Since 2012
                </p>
              </div>
            </div>
            <div
              class="o-grid__item xs-12 sm-6 md-4 lg-3"
            >
              <div
                class="c-skill"
              >
                <figure
                  style="background-color: rgb(255, 97, 246);"
                >
                  <svg
                    class="c-skill__icon"
                    height="34"
                    width="34"
                  >
                    <use
                      xlink:href="#svg-adobexd"
                    />
                  </svg>
                </figure>
                <p>
                  <strong>
                    Adobe XD
                  </strong>
                  Since 2018
                </p>
              </div>
            </div>
            <div
              class="o-grid__item xs-12 sm-6 md-4 lg-3"
            >
              <div
                class="c-skill"
              >
                <figure
                  style="background-color: rgb(27, 114, 190);"
                >
                  <svg
                    class="c-skill__icon"
                    height="34"
                    width="34"
                  >
                    <use
                      xlink:href="#svg-affinitydesigner"
                    />
                  </svg>
                </figure>
                <p>
                  <strong>
                    Affinity Designer
                  </strong>
                  Since 2018
                </p>
              </div>
            </div>
            <div
              class="o-grid__item xs-12 sm-6 md-4 lg-3"
            >
              <div
                class="c-skill"
              >
                <figure
                  style="background-color: rgb(255, 255, 255);"
                >
                  <svg
                    class="c-skill__icon"
                    height="34"
                    width="34"
                  >
                    <use
                      xlink:href="#svg-agile"
                    />
                  </svg>
                </figure>
                <p>
                  <strong>
                    Agile
                  </strong>
                  Since 2011
                </p>
              </div>
            </div>
            <div
              class="o-grid__item xs-12 sm-6 md-4 lg-3"
            >
              <div
                class="c-skill"
              >
                <figure
                  style="background-color: rgb(35, 47, 62);"
                >
                  <svg
                    class="c-skill__icon"
                    height="34"
                    width="34"
                  >
                    <use
                      xlink:href="#svg-amazonaws"
                    />
                  </svg>
                </figure>
                <p>
                  <strong>
                    Amazon Web Services
                  </strong>
                  Since 2019
                </p>
              </div>
            </div>
            <div
              class="o-grid__item xs-12 sm-6 md-4 lg-3"
            >
              <div
                class="c-skill"
              >
                <figure
                  style="background-color: rgb(221, 0, 49);"
                >
                  <svg
                    class="c-skill__icon"
                    height="34"
                    width="34"
                  >
                    <use
                      xlink:href="#svg-angular"
                    />
                  </svg>
                </figure>
                <p>
                  <strong>
                    Angular
                  </strong>
                  Since 2017
                </p>
              </div>
            </div>
            <div
              class="o-grid__item xs-12 sm-6 md-4 lg-3"
            >
              <div
                class="c-skill"
              >
                <figure
                  style="background-color: rgb(226, 50, 55);"
                >
                  <svg
                    class="c-skill__icon"
                    height="34"
                    width="34"
                  >
                    <use
                      xlink:href="#svg-angularjs"
                    />
                  </svg>
                </figure>
                <p>
                  <strong>
                    Angular JS
                  </strong>
                  Since 2014
                </p>
              </div>
            </div>
            <div
              class="o-grid__item xs-12 sm-6 md-4 lg-3"
            >
              <div
                class="c-skill"
              >
                <figure
                  style="background-color: rgb(232, 232, 232);"
                >
                  <svg
                    class="c-skill__icon"
                    height="34"
                    width="34"
                  >
                    <use
                      fill="#000"
                      xlink:href="#svg-apachecordova"
                    />
                  </svg>
                </figure>
                <p>
                  <strong>
                    Apache Cordova
                  </strong>
                  Since 2014
                </p>
              </div>
            </div>
            <div
              class="o-grid__item xs-12 sm-6 md-4 lg-3"
            >
              <div
                class="c-skill"
              >
                <figure
                  style="background-color: rgb(0, 120, 215);"
                >
                  <svg
                    class="c-skill__icon"
                    height="34"
                    width="34"
                  >
                    <use
                      xlink:href="#svg-azuredevops"
                    />
                  </svg>
                </figure>
                <p>
                  <strong>
                    Azure DevOps
                  </strong>
                  Since 2019
                </p>
              </div>
            </div>
            <div
              class="o-grid__item xs-12 sm-6 md-4 lg-3"
            >
              <div
                class="c-skill"
              >
                <figure
                  style="background-color: rgb(0, 98, 173);"
                >
                  <svg
                    class="c-skill__icon"
                    height="34"
                    width="34"
                  >
                    <use
                      xlink:href="#svg-azurefunctions"
                    />
                  </svg>
                </figure>
                <p>
                  <strong>
                    Azure Functions
                  </strong>
                  Since 2019
                </p>
              </div>
            </div>
            <div
              class="o-grid__item xs-12 sm-6 md-4 lg-3"
            >
              <div
                class="c-skill"
              >
                <figure
                  style="background-color: rgb(249, 220, 62);"
                >
                  <svg
                    class="c-skill__icon"
                    height="34"
                    width="34"
                  >
                    <use
                      fill="#000"
                      xlink:href="#svg-babel"
                    />
                  </svg>
                </figure>
                <p>
                  <strong>
                    Babel
                  </strong>
                  Since 2015
                </p>
              </div>
            </div>
            <div
              class="o-grid__item xs-12 sm-6 md-4 lg-3"
            >
              <div
                class="c-skill"
              >
                <figure
                  style="background-color: rgb(255, 255, 255);"
                >
                  <svg
                    class="c-skill__icon"
                    height="34"
                    width="34"
                  >
                    <use
                      xlink:href="#svg-babylonjs"
                    />
                  </svg>
                </figure>
                <p>
                  <strong>
                    BabylonJS
                  </strong>
                  Since 2018
                </p>
              </div>
            </div>
            <div
              class="o-grid__item xs-12 sm-6 md-4 lg-3"
            >
              <div
                class="c-skill"
              >
                <figure
                  style="background-color: rgb(0, 113, 181);"
                >
                  <svg
                    class="c-skill__icon"
                    height="34"
                    width="34"
                  >
                    <use
                      xlink:href="#svg-backbonedotjs"
                    />
                  </svg>
                </figure>
                <p>
                  <strong>
                    BackboneJS
                  </strong>
                  Since 2013
                </p>
              </div>
            </div>
            <div
              class="o-grid__item xs-12 sm-6 md-4 lg-3"
            >
              <div
                class="c-skill"
              >
                <figure
                  style="background-color: rgb(0, 0, 0);"
                >
                  <svg
                    class="c-skill__icon"
                    height="34"
                    width="34"
                  >
                    <use
                      xlink:href="#svg-bem"
                    />
                  </svg>
                </figure>
                <p>
                  <strong>
                    BEM
                  </strong>
                  Since 2013
                </p>
              </div>
            </div>
            <div
              class="o-grid__item xs-12 sm-6 md-4 lg-3"
            >
              <div
                class="c-skill"
              >
                <figure
                  style="background-color: rgb(121, 82, 179);"
                >
                  <svg
                    class="c-skill__icon"
                    height="34"
                    width="34"
                  >
                    <use
                      xlink:href="#svg-bootstrap"
                    />
                  </svg>
                </figure>
                <p>
                  <strong>
                    Bootstrap
                  </strong>
                  Since 2012
                </p>
              </div>
            </div>
            <div
              class="o-grid__item xs-12 sm-6 md-4 lg-3"
            >
              <div
                class="c-skill"
              >
                <figure
                  style="background-color: rgb(0, 209, 178);"
                >
                  <svg
                    class="c-skill__icon"
                    height="34"
                    width="34"
                  >
                    <use
                      xlink:href="#svg-bulma"
                    />
                  </svg>
                </figure>
                <p>
                  <strong>
                    Bulma
                  </strong>
                  Since 2012
                </p>
              </div>
            </div>
            <div
              class="o-grid__item xs-12 sm-6 md-4 lg-3"
            >
              <div
                class="c-skill"
              >
                <figure
                  style="background-color: rgb(0, 196, 204);"
                >
                  <svg
                    class="c-skill__icon"
                    height="34"
                    width="34"
                  >
                    <use
                      xlink:href="#svg-canva"
                    />
                  </svg>
                </figure>
                <p>
                  <strong>
                    Canva
                  </strong>
                  Since 2018
                </p>
              </div>
            </div>
            <div
              class="o-grid__item xs-12 sm-6 md-4 lg-3"
            >
              <div
                class="c-skill"
              >
                <figure
                  style="background-color: rgb(255, 99, 132);"
                >
                  <svg
                    class="c-skill__icon"
                    height="34"
                    width="34"
                  >
                    <use
                      xlink:href="#svg-chartdotjs"
                    />
                  </svg>
                </figure>
                <p>
                  <strong>
                    Chart JS
                  </strong>
                  Since 2014
                </p>
              </div>
            </div>
            <div
              class="o-grid__item xs-12 sm-6 md-4 lg-3"
            >
              <div
                class="c-skill"
              >
                <figure
                  style="background-color: rgb(52, 52, 52);"
                >
                  <svg
                    class="c-skill__icon"
                    height="34"
                    width="34"
                  >
                    <use
                      xlink:href="#svg-circleci"
                    />
                  </svg>
                </figure>
                <p>
                  <strong>
                    Circle CI
                  </strong>
                  Since 2019
                </p>
              </div>
            </div>
            <div
              class="o-grid__item xs-12 sm-6 md-4 lg-3"
            >
              <div
                class="c-skill"
              >
                <figure
                  style="background-color: rgb(23, 43, 77);"
                >
                  <svg
                    class="c-skill__icon"
                    height="34"
                    width="34"
                  >
                    <use
                      xlink:href="#svg-confluence"
                    />
                  </svg>
                </figure>
                <p>
                  <strong>
                    Confluence
                  </strong>
                  Since 2017
                </p>
              </div>
            </div>
            <div
              class="o-grid__item xs-12 sm-6 md-4 lg-3"
            >
              <div
                class="c-skill"
              >
                <figure
                  style="background-color: rgb(21, 114, 182);"
                >
                  <svg
                    class="c-skill__icon"
                    height="34"
                    width="34"
                  >
                    <use
                      xlink:href="#svg-css3"
                    />
                  </svg>
                </figure>
                <p>
                  <strong>
                    CSS3
                  </strong>
                  Since 2010
                </p>
              </div>
            </div>
            <div
              class="o-grid__item xs-12 sm-6 md-4 lg-3"
            >
              <div
                class="c-skill"
              >
                <figure
                  style="background-color: rgb(0, 0, 0);"
                >
                  <svg
                    class="c-skill__icon"
                    height="34"
                    width="34"
                  >
                    <use
                      xlink:href="#svg-cssmodules"
                    />
                  </svg>
                </figure>
                <p>
                  <strong>
                    CSS Modules
                  </strong>
                  Since 2018
                </p>
              </div>
            </div>
            <div
              class="o-grid__item xs-12 sm-6 md-4 lg-3"
            >
              <div
                class="c-skill"
              >
                <figure
                  style="background-color: rgb(23, 32, 44);"
                >
                  <svg
                    class="c-skill__icon"
                    height="34"
                    width="34"
                  >
                    <use
                      xlink:href="#svg-cypress"
                    />
                  </svg>
                </figure>
                <p>
                  <strong>
                    Cypress
                  </strong>
                  Since 2021
                </p>
              </div>
            </div>
            <div
              class="o-grid__item xs-12 sm-6 md-4 lg-3"
            >
              <div
                class="c-skill"
              >
                <figure
                  style="background-color: rgb(249, 160, 60);"
                >
                  <svg
                    class="c-skill__icon"
                    height="34"
                    width="34"
                  >
                    <use
                      xlink:href="#svg-d3dotjs"
                    />
                  </svg>
                </figure>
                <p>
                  <strong>
                    D3.js
                  </strong>
                  Since 2012
                </p>
              </div>
            </div>
            <div
              class="o-grid__item xs-12 sm-6 md-4 lg-3"
            >
              <div
                class="c-skill"
              >
                <figure
                  style="background-color: rgb(1, 117, 194);"
                >
                  <svg
                    class="c-skill__icon"
                    height="34"
                    width="34"
                  >
                    <use
                      xlink:href="#svg-dart"
                    />
                  </svg>
                </figure>
                <p>
                  <strong>
                    Dart
                  </strong>
                  Since 2022
                </p>
              </div>
            </div>
            <div
              class="o-grid__item xs-12 sm-6 md-4 lg-3"
            >
              <div
                class="c-skill"
              >
                <figure
                  style="background-color: rgb(0, 0, 0);"
                >
                  <svg
                    class="c-skill__icon"
                    height="34"
                    width="34"
                  >
                    <use
                      xlink:href="#svg-deno"
                    />
                  </svg>
                </figure>
                <p>
                  <strong>
                    Deno
                  </strong>
                  Since 2020
                </p>
              </div>
            </div>
            <div
              class="o-grid__item xs-12 sm-6 md-4 lg-3"
            >
              <div
                class="c-skill"
              >
                <figure
                  style="background-color: rgb(75, 50, 195);"
                >
                  <svg
                    class="c-skill__icon"
                    height="34"
                    width="34"
                  >
                    <use
                      xlink:href="#svg-eslint"
                    />
                  </svg>
                </figure>
                <p>
                  <strong>
                    ESLint
                  </strong>
                  Since 2016
                </p>
              </div>
            </div>
            <div
              class="o-grid__item xs-12 sm-6 md-4 lg-3"
            >
              <div
                class="c-skill"
              >
                <figure
                  style="background-color: rgb(0, 0, 32);"
                >
                  <svg
                    class="c-skill__icon"
                    height="34"
                    width="34"
                  >
                    <use
                      xlink:href="#svg-expo"
                    />
                  </svg>
                </figure>
                <p>
                  <strong>
                    Expo
                  </strong>
                  Since 2019
                </p>
              </div>
            </div>
            <div
              class="o-grid__item xs-12 sm-6 md-4 lg-3"
            >
              <div
                class="c-skill"
              >
                <figure
                  style="background-color: rgb(0, 0, 0);"
                >
                  <svg
                    class="c-skill__icon"
                    height="34"
                    width="34"
                  >
                    <use
                      xlink:href="#svg-express"
                    />
                  </svg>
                </figure>
                <p>
                  <strong>
                    Express JS
                  </strong>
                  Since 2017
                </p>
              </div>
            </div>
            <div
              class="o-grid__item xs-12 sm-6 md-4 lg-3"
            >
              <div
                class="c-skill"
              >
                <figure
                  style="background-color: rgb(242, 78, 30);"
                >
                  <svg
                    class="c-skill__icon"
                    height="34"
                    width="34"
                  >
                    <use
                      xlink:href="#svg-figma"
                    />
                  </svg>
                </figure>
                <p>
                  <strong>
                    Figma
                  </strong>
                  Since 2020
                </p>
              </div>
            </div>
            <div
              class="o-grid__item xs-12 sm-6 md-4 lg-3"
            >
              <div
                class="c-skill"
              >
                <figure
                  style="background-color: rgb(255, 202, 40);"
                >
                  <svg
                    class="c-skill__icon"
                    height="34"
                    width="34"
                  >
                    <use
                      fill="#000"
                      xlink:href="#svg-firebase"
                    />
                  </svg>
                </figure>
                <p>
                  <strong>
                    Firebase
                  </strong>
                  Since 2018
                </p>
              </div>
            </div>
            <div
              class="o-grid__item xs-12 sm-6 md-4 lg-3"
            >
              <div
                class="c-skill"
              >
                <figure
                  style="background-color: rgb(2, 86, 155);"
                >
                  <svg
                    class="c-skill__icon"
                    height="34"
                    width="34"
                  >
                    <use
                      xlink:href="#svg-flutter"
                    />
                  </svg>
                </figure>
                <p>
                  <strong>
                    Flutter
                  </strong>
                  Since 2022
                </p>
              </div>
            </div>
            <div
              class="o-grid__item xs-12 sm-6 md-4 lg-3"
            >
              <div
                class="c-skill"
              >
                <figure
                  style="background-color: rgb(20, 30, 31);"
                >
                  <svg
                    class="c-skill__icon"
                    height="35"
                    width="24"
                  >
                    <use
                      xlink:href="#svg-foundation"
                    />
                  </svg>
                </figure>
                <p>
                  <strong>
                    Foundation
                  </strong>
                  Since 2013
                </p>
              </div>
            </div>
            <div
              class="o-grid__item xs-12 sm-6 md-4 lg-3"
            >
              <div
                class="c-skill"
              >
                <figure
                  style="background-color: rgb(102, 51, 153);"
                >
                  <svg
                    class="c-skill__icon"
                    height="34"
                    width="34"
                  >
                    <use
                      xlink:href="#svg-gatsby"
                    />
                  </svg>
                </figure>
                <p>
                  <strong>
                    Gatsby
                  </strong>
                  Since 2019
                </p>
              </div>
            </div>
            <div
              class="o-grid__item xs-12 sm-6 md-4 lg-3"
            >
              <div
                class="c-skill"
              >
                <figure
                  style="background-color: rgb(240, 80, 50);"
                >
                  <svg
                    class="c-skill__icon"
                    height="34"
                    width="34"
                  >
                    <use
                      xlink:href="#svg-git"
                    />
                  </svg>
                </figure>
                <p>
                  <strong>
                    GIT
                  </strong>
                  Since 2011
                </p>
              </div>
            </div>
            <div
              class="o-grid__item xs-12 sm-6 md-4 lg-3"
            >
              <div
                class="c-skill"
              >
                <figure
                  style="background-color: rgb(32, 136, 255);"
                >
                  <svg
                    class="c-skill__icon"
                    height="34"
                    width="34"
                  >
                    <use
                      xlink:href="#svg-githubactions"
                    />
                  </svg>
                </figure>
                <p>
                  <strong>
                    Github Actions
                  </strong>
                  Since 2020
                </p>
              </div>
            </div>
            <div
              class="o-grid__item xs-12 sm-6 md-4 lg-3"
            >
              <div
                class="c-skill"
              >
                <figure
                  style="background-color: rgb(34, 34, 34);"
                >
                  <svg
                    class="c-skill__icon"
                    height="34"
                    width="34"
                  >
                    <use
                      xlink:href="#svg-githubpages"
                    />
                  </svg>
                </figure>
                <p>
                  <strong>
                    Github Pages
                  </strong>
                  Since 2014
                </p>
              </div>
            </div>
            <div
              class="o-grid__item xs-12 sm-6 md-4 lg-3"
            >
              <div
                class="c-skill"
              >
                <figure
                  style="background-color: rgb(252, 109, 38);"
                >
                  <svg
                    class="c-skill__icon"
                    height="34"
                    width="34"
                  >
                    <use
                      xlink:href="#svg-gitlab"
                    />
                  </svg>
                </figure>
                <p>
                  <strong>
                    Gitlab CI/CD
                  </strong>
                  Since 2017
                </p>
              </div>
            </div>
            <div
              class="o-grid__item xs-12 sm-6 md-4 lg-3"
            >
              <div
                class="c-skill"
              >
                <figure
                  style="background-color: rgb(78, 170, 37);"
                >
                  <svg
                    class="c-skill__icon"
                    height="34"
                    width="34"
                  >
                    <use
                      xlink:href="#svg-gnubash"
                    />
                  </svg>
                </figure>
                <p>
                  <strong>
                    Gnu Bash
                  </strong>
                  Since 2015
                </p>
              </div>
            </div>
            <div
              class="o-grid__item xs-12 sm-6 md-4 lg-3"
            >
              <div
                class="c-skill"
              >
                <figure
                  style="background-color: rgb(227, 116, 0);"
                >
                  <svg
                    class="c-skill__icon"
                    height="34"
                    width="34"
                  >
                    <use
                      xlink:href="#svg-googleanalytics"
                    />
                  </svg>
                </figure>
                <p>
                  <strong>
                    Google Analytics
                  </strong>
                  Since 2018
                </p>
              </div>
            </div>
            <div
              class="o-grid__item xs-12 sm-6 md-4 lg-3"
            >
              <div
                class="c-skill"
              >
                <figure
                  style="background-color: rgb(66, 133, 244);"
                >
                  <svg
                    class="c-skill__icon"
                    height="34"
                    width="34"
                  >
                    <use
                      xlink:href="#svg-googlechrome"
                    />
                  </svg>
                </figure>
                <p>
                  <strong>
                    Google Chrome
                  </strong>
                  Since 2011
                </p>
              </div>
            </div>
            <div
              class="o-grid__item xs-12 sm-6 md-4 lg-3"
            >
              <div
                class="c-skill"
              >
                <figure
                  style="background-color: rgb(66, 133, 244);"
                >
                  <svg
                    class="c-skill__icon"
                    height="34"
                    width="34"
                  >
                    <use
                      xlink:href="#svg-googlefonts"
                    />
                  </svg>
                </figure>
                <p>
                  <strong>
                    Google Fonts
                  </strong>
                  Since 2014
                </p>
              </div>
            </div>
            <div
              class="o-grid__item xs-12 sm-6 md-4 lg-3"
            >
              <div
                class="c-skill"
              >
                <figure
                  style="background-color: rgb(66, 133, 244);"
                >
                  <svg
                    class="c-skill__icon"
                    height="34"
                    width="34"
                  >
                    <use
                      xlink:href="#svg-googlemaps"
                    />
                  </svg>
                </figure>
                <p>
                  <strong>
                    Google Maps
                  </strong>
                  Since 2016
                </p>
              </div>
            </div>
            <div
              class="o-grid__item xs-12 sm-6 md-4 lg-3"
            >
              <div
                class="c-skill"
              >
                <figure
                  style="background-color: rgb(36, 111, 219);"
                >
                  <svg
                    class="c-skill__icon"
                    height="34"
                    width="34"
                  >
                    <use
                      xlink:href="#svg-googletagmanager"
                    />
                  </svg>
                </figure>
                <p>
                  <strong>
                    Google Tag Manager
                  </strong>
                  Since 2020
                </p>
              </div>
            </div>
            <div
              class="o-grid__item xs-12 sm-6 md-4 lg-3"
            >
              <div
                class="c-skill"
              >
                <figure
                  style="background-color: rgb(250, 169, 24);"
                >
                  <svg
                    class="c-skill__icon"
                    height="34"
                    width="34"
                  >
                    <use
                      fill="#000"
                      xlink:href="#svg-grunt"
                    />
                  </svg>
                </figure>
                <p>
                  <strong>
                    Grunt
                  </strong>
                  Since 2013
                </p>
              </div>
            </div>
            <div
              class="o-grid__item xs-12 sm-6 md-4 lg-3"
            >
              <div
                class="c-skill"
              >
                <figure
                  style="background-color: rgb(207, 70, 71);"
                >
                  <svg
                    class="c-skill__icon"
                    height="34"
                    width="34"
                  >
                    <use
                      xlink:href="#svg-gulp"
                    />
                  </svg>
                </figure>
                <p>
                  <strong>
                    Gulp
                  </strong>
                  Since 2013
                </p>
              </div>
            </div>
            <div
              class="o-grid__item xs-12 sm-6 md-4 lg-3"
            >
              <div
                class="c-skill"
              >
                <figure
                  style="background-color: rgb(0, 0, 0);"
                >
                  <svg
                    class="c-skill__icon"
                    height="34"
                    width="34"
                  >
                    <use
                      xlink:href="#svg-handlebarsdotjs"
                    />
                  </svg>
                </figure>
                <p>
                  <strong>
                    Handlebars
                  </strong>
                  Since 2013
                </p>
              </div>
            </div>
            <div
              class="o-grid__item xs-12 sm-6 md-4 lg-3"
            >
              <div
                class="c-skill"
              >
                <figure
                  style="background-color: rgb(58, 58, 79);"
                >
                  <svg
                    class="c-skill__icon"
                    height="34"
                    width="34"
                  >
                    <use
                      xlink:href="#svg-highcharts"
                    />
                  </svg>
                </figure>
                <p>
                  <strong>
                    Highcharts
                  </strong>
                  Since 2016
                </p>
              </div>
            </div>
            <div
              class="o-grid__item xs-12 sm-6 md-4 lg-3"
            >
              <div
                class="c-skill"
              >
                <figure
                  style="background-color: rgb(251, 176, 64);"
                >
                  <svg
                    class="c-skill__icon"
                    height="34"
                    width="34"
                  >
                    <use
                      fill="#000"
                      xlink:href="#svg-homebrew"
                    />
                  </svg>
                </figure>
                <p>
                  <strong>
                    Homebrew
                  </strong>
                  Since 2018
                </p>
              </div>
            </div>
            <div
              class="o-grid__item xs-12 sm-6 md-4 lg-3"
            >
              <div
                class="c-skill"
              >
                <figure
                  style="background-color: rgb(255, 71, 19);"
                >
                  <svg
                    class="c-skill__icon"
                    height="34"
                    width="34"
                  >
                    <use
                      xlink:href="#svg-houdini"
                    />
                  </svg>
                </figure>
                <p>
                  <strong>
                    Houdini
                  </strong>
                  Since 2020
                </p>
              </div>
            </div>
            <div
              class="o-grid__item xs-12 sm-6 md-4 lg-3"
            >
              <div
                class="c-skill"
              >
                <figure
                  style="background-color: rgb(227, 79, 38);"
                >
                  <svg
                    class="c-skill__icon"
                    height="34"
                    width="34"
                  >
                    <use
                      xlink:href="#svg-html5"
                    />
                  </svg>
                </figure>
                <p>
                  <strong>
                    HTML5
                  </strong>
                  Since 2010
                </p>
              </div>
            </div>
            <div
              class="o-grid__item xs-12 sm-6 md-4 lg-3"
            >
              <div
                class="c-skill"
              >
                <figure
                  style="background-color: rgb(38, 166, 154);"
                >
                  <svg
                    class="c-skill__icon"
                    height="34"
                    width="34"
                  >
                    <use
                      xlink:href="#svg-i18next"
                    />
                  </svg>
                </figure>
                <p>
                  <strong>
                    i18next
                  </strong>
                  Since 2018
                </p>
              </div>
            </div>
            <div
              class="o-grid__item xs-12 sm-6 md-4 lg-3"
            >
              <div
                class="c-skill"
              >
                <figure
                  style="background-color: rgb(56, 128, 255);"
                >
                  <svg
                    class="c-skill__icon"
                    height="34"
                    width="34"
                  >
                    <use
                      xlink:href="#svg-ionic"
                    />
                  </svg>
                </figure>
                <p>
                  <strong>
                    Ionic
                  </strong>
                  Since 2014
                </p>
              </div>
            </div>
            <div
              class="o-grid__item xs-12 sm-6 md-4 lg-3"
            >
              <div
                class="c-skill"
              >
                <figure
                  style="background-color: rgb(247, 223, 30);"
                >
                  <svg
                    class="c-skill__icon"
                    height="34"
                    width="34"
                  >
                    <use
                      fill="#000"
                      xlink:href="#svg-javascript"
                    />
                  </svg>
                </figure>
                <p>
                  <strong>
                    Javascript
                  </strong>
                  Since 2011
                </p>
              </div>
            </div>
            <div
              class="o-grid__item xs-12 sm-6 md-4 lg-3"
            >
              <div
                class="c-skill"
              >
                <figure
                  style="background-color: rgb(194, 19, 37);"
                >
                  <svg
                    class="c-skill__icon"
                    height="34"
                    width="34"
                  >
                    <use
                      xlink:href="#svg-jest"
                    />
                  </svg>
                </figure>
                <p>
                  <strong>
                    Jest
                  </strong>
                  Since 2017
                </p>
              </div>
            </div>
            <div
              class="o-grid__item xs-12 sm-6 md-4 lg-3"
            >
              <div
                class="c-skill"
              >
                <figure
                  style="background-color: rgb(0, 82, 204);"
                >
                  <svg
                    class="c-skill__icon"
                    height="34"
                    width="34"
                  >
                    <use
                      xlink:href="#svg-jira"
                    />
                  </svg>
                </figure>
                <p>
                  <strong>
                    Jira
                  </strong>
                  Since 2017
                </p>
              </div>
            </div>
            <div
              class="o-grid__item xs-12 sm-6 md-4 lg-3"
            >
              <div
                class="c-skill"
              >
                <figure
                  style="background-color: rgb(7, 105, 173);"
                >
                  <svg
                    class="c-skill__icon"
                    height="34"
                    width="34"
                  >
                    <use
                      xlink:href="#svg-jquery"
                    />
                  </svg>
                </figure>
                <p>
                  <strong>
                    jQuery
                  </strong>
                  Since 2011
                </p>
              </div>
            </div>
            <div
              class="o-grid__item xs-12 sm-6 md-4 lg-3"
            >
              <div
                class="c-skill"
              >
                <figure
                  style="background-color: rgb(0, 0, 0);"
                >
                  <svg
                    class="c-skill__icon"
                    height="34"
                    width="34"
                  >
                    <use
                      xlink:href="#svg-json"
                    />
                  </svg>
                </figure>
                <p>
                  <strong>
                    JSON
                  </strong>
                  Since 2013
                </p>
              </div>
            </div>
            <div
              class="o-grid__item xs-12 sm-6 md-4 lg-3"
            >
              <div
                class="c-skill"
              >
                <figure
                  style="background-color: rgb(29, 54, 93);"
                >
                  <svg
                    class="c-skill__icon"
                    height="34"
                    width="34"
                  >
                    <use
                      xlink:href="#svg-less"
                    />
                  </svg>
                </figure>
                <p>
                  <strong>
                    LESS
                  </strong>
                  Since 2012
                </p>
              </div>
            </div>
            <div
              class="o-grid__item xs-12 sm-6 md-4 lg-3"
            >
              <div
                class="c-skill"
              >
                <figure
                  style="background-color: rgb(252, 198, 36);"
                >
                  <svg
                    class="c-skill__icon"
                    height="34"
                    width="34"
                  >
                    <use
                      fill="#000"
                      xlink:href="#svg-linux"
                    />
                  </svg>
                </figure>
                <p>
                  <strong>
                    Linux
                  </strong>
                  Since 2018
                </p>
              </div>
            </div>
            <div
              class="o-grid__item xs-12 sm-6 md-4 lg-3"
            >
              <div
                class="c-skill"
              >
                <figure
                  style="background-color: rgb(52, 146, 255);"
                >
                  <svg
                    class="c-skill__icon"
                    height="34"
                    width="34"
                  >
                    <use
                      xlink:href="#svg-lodash"
                    />
                  </svg>
                </figure>
                <p>
                  <strong>
                    Lodash
                  </strong>
                  Since 2015
                </p>
              </div>
            </div>
            <div
              class="o-grid__item xs-12 sm-6 md-4 lg-3"
            >
              <div
                class="c-skill"
              >
                <figure
                  style="background-color: rgb(0, 0, 0);"
                >
                  <svg
                    class="c-skill__icon"
                    height="34"
                    width="34"
                  >
                    <use
                      xlink:href="#svg-macos"
                    />
                  </svg>
                </figure>
                <p>
                  <strong>
                    MacOS
                  </strong>
                  Since 2017
                </p>
              </div>
            </div>
            <div
              class="o-grid__item xs-12 sm-6 md-4 lg-3"
            >
              <div
                class="c-skill"
              >
                <figure
                  style="background-color: rgb(255, 224, 27);"
                >
                  <svg
                    class="c-skill__icon"
                    height="34"
                    width="34"
                  >
                    <use
                      fill="#000"
                      xlink:href="#svg-mailchimp"
                    />
                  </svg>
                </figure>
                <p>
                  <strong>
                    Mailchimp
                  </strong>
                  Since 2019
                </p>
              </div>
            </div>
            <div
              class="o-grid__item xs-12 sm-6 md-4 lg-3"
            >
              <div
                class="c-skill"
              >
                <figure
                  style="background-color: rgb(2, 116, 156);"
                >
                  <svg
                    class="c-skill__icon"
                    height="34"
                    width="34"
                  >
                    <use
                      xlink:href="#svg-mamp"
                    />
                  </svg>
                </figure>
                <p>
                  <strong>
                    MAMP
                  </strong>
                  Since 2017
                </p>
              </div>
            </div>
            <div
              class="o-grid__item xs-12 sm-6 md-4 lg-3"
            >
              <div
                class="c-skill"
              >
                <figure
                  style="background-color: rgb(0, 0, 0);"
                >
                  <svg
                    class="c-skill__icon"
                    height="34"
                    width="34"
                  >
                    <use
                      xlink:href="#svg-markdown"
                    />
                  </svg>
                </figure>
                <p>
                  <strong>
                    Markdown
                  </strong>
                  Since 2014
                </p>
              </div>
            </div>
            <div
              class="o-grid__item xs-12 sm-6 md-4 lg-3"
            >
              <div
                class="c-skill"
              >
                <figure
                  style="background-color: rgb(27, 31, 36);"
                >
                  <svg
                    class="c-skill__icon"
                    height="34"
                    width="34"
                  >
                    <use
                      xlink:href="#svg-mdx"
                    />
                  </svg>
                </figure>
                <p>
                  <strong>
                    MDX
                  </strong>
                  Since 2020
                </p>
              </div>
            </div>
            <div
              class="o-grid__item xs-12 sm-6 md-4 lg-3"
            >
              <div
                class="c-skill"
              >
                <figure
                  style="background-color: rgb(33, 115, 70);"
                >
                  <svg
                    class="c-skill__icon"
                    height="34"
                    width="34"
                  >
                    <use
                      xlink:href="#svg-microsoftexcel"
                    />
                  </svg>
                </figure>
                <p>
                  <strong>
                    MS Excel
                  </strong>
                  Since 2010
                </p>
              </div>
            </div>
            <div
              class="o-grid__item xs-12 sm-6 md-4 lg-3"
            >
              <div
                class="c-skill"
              >
                <figure
                  style="background-color: rgb(183, 71, 42);"
                >
                  <svg
                    class="c-skill__icon"
                    height="34"
                    width="34"
                  >
                    <use
                      xlink:href="#svg-microsoftpowerpoint"
                    />
                  </svg>
                </figure>
                <p>
                  <strong>
                    MS PowerPoint
                  </strong>
                  Since 2010
                </p>
              </div>
            </div>
            <div
              class="o-grid__item xs-12 sm-6 md-4 lg-3"
            >
              <div
                class="c-skill"
              >
                <figure
                  style="background-color: rgb(43, 87, 154);"
                >
                  <svg
                    class="c-skill__icon"
                    height="34"
                    width="34"
                  >
                    <use
                      xlink:href="#svg-microsoftword"
                    />
                  </svg>
                </figure>
                <p>
                  <strong>
                    MS Word
                  </strong>
                  Since 2010
                </p>
              </div>
            </div>
            <div
              class="o-grid__item xs-12 sm-6 md-4 lg-3"
            >
              <div
                class="c-skill"
              >
                <figure
                  style="background-color: rgb(242, 95, 74);"
                >
                  <svg
                    class="c-skill__icon"
                    height="34"
                    width="34"
                  >
                    <use
                      xlink:href="#svg-mjml"
                    />
                  </svg>
                </figure>
                <p>
                  <strong>
                    MJML
                  </strong>
                  Since 2019
                </p>
              </div>
            </div>
            <div
              class="o-grid__item xs-12 sm-6 md-4 lg-3"
            >
              <div
                class="c-skill"
              >
                <figure
                  style="background-color: rgb(141, 103, 72);"
                >
                  <svg
                    class="c-skill__icon"
                    height="34"
                    width="34"
                  >
                    <use
                      xlink:href="#svg-mocha"
                    />
                  </svg>
                </figure>
                <p>
                  <strong>
                    Mocha
                  </strong>
                  Since 2021
                </p>
              </div>
            </div>
            <div
              class="o-grid__item xs-12 sm-6 md-4 lg-3"
            >
              <div
                class="c-skill"
              >
                <figure
                  style="background-color: rgb(71, 162, 72);"
                >
                  <svg
                    class="c-skill__icon"
                    height="34"
                    width="34"
                  >
                    <use
                      xlink:href="#svg-mongodb"
                    />
                  </svg>
                </figure>
                <p>
                  <strong>
                    Mongo DB
                  </strong>
                  Since 2019
                </p>
              </div>
            </div>
            <div
              class="o-grid__item xs-12 sm-6 md-4 lg-3"
            >
              <div
                class="c-skill"
              >
                <figure
                  style="background-color: rgb(0, 199, 183);"
                >
                  <svg
                    class="c-skill__icon"
                    height="34"
                    width="34"
                  >
                    <use
                      xlink:href="#svg-netlify"
                    />
                  </svg>
                </figure>
                <p>
                  <strong>
                    Netlify
                  </strong>
                  Since 2019
                </p>
              </div>
            </div>
            <div
              class="o-grid__item xs-12 sm-6 md-4 lg-3"
            >
              <div
                class="c-skill"
              >
                <figure
                  style="background-color: rgb(0, 0, 0);"
                >
                  <svg
                    class="c-skill__icon"
                    height="34"
                    width="34"
                  >
                    <use
                      xlink:href="#svg-nextdotjs"
                    />
                  </svg>
                </figure>
                <p>
                  <strong>
                    Next JS
                  </strong>
                  Since 2020
                </p>
              </div>
            </div>
            <div
              class="o-grid__item xs-12 sm-6 md-4 lg-3"
            >
              <div
                class="c-skill"
              >
                <figure
                  style="background-color: rgb(51, 153, 51);"
                >
                  <svg
                    class="c-skill__icon"
                    height="34"
                    width="34"
                  >
                    <use
                      xlink:href="#svg-nodedotjs"
                    />
                  </svg>
                </figure>
                <p>
                  <strong>
                    Node JS
                  </strong>
                  Since 2016
                </p>
              </div>
            </div>
            <div
              class="o-grid__item xs-12 sm-6 md-4 lg-3"
            >
              <div
                class="c-skill"
              >
                <figure
                  style="background-color: rgb(0, 220, 130);"
                >
                  <svg
                    class="c-skill__icon"
                    height="34"
                    width="34"
                  >
                    <use
                      xlink:href="#svg-nuxtdotjs"
                    />
                  </svg>
                </figure>
                <p>
                  <strong>
                    Nuxt JS
                  </strong>
                  Since 2018
                </p>
              </div>
            </div>
            <div
              class="o-grid__item xs-12 sm-6 md-4 lg-3"
            >
              <div
                class="c-skill"
              >
                <figure
                  style="background-color: rgb(125, 125, 125);"
                >
                  <svg
                    class="c-skill__icon"
                    height="34"
                    width="34"
                  >
                    <use
                      xlink:href="#svg-parcel"
                    />
                  </svg>
                </figure>
                <p>
                  <strong>
                    Parcel Bundler
                  </strong>
                  Since 2019
                </p>
              </div>
            </div>
            <div
              class="o-grid__item xs-12 sm-6 md-4 lg-3"
            >
              <div
                class="c-skill"
              >
                <figure
                  style="background-color: rgb(24, 164, 151);"
                >
                  <svg
                    class="c-skill__icon"
                    height="34"
                    width="34"
                  >
                    <use
                      xlink:href="#svg-photopea"
                    />
                  </svg>
                </figure>
                <p>
                  <strong>
                    Photopea
                  </strong>
                  Since 2020
                </p>
              </div>
            </div>
            <div
              class="o-grid__item xs-12 sm-6 md-4 lg-3"
            >
              <div
                class="c-skill"
              >
                <figure
                  style="background-color: rgb(119, 123, 180);"
                >
                  <svg
                    class="c-skill__icon"
                    height="34"
                    width="34"
                  >
                    <use
                      xlink:href="#svg-php"
                    />
                  </svg>
                </figure>
                <p>
                  <strong>
                    PHP
                  </strong>
                  Since 2013
                </p>
              </div>
            </div>
            <div
              class="o-grid__item xs-12 sm-6 md-4 lg-3"
            >
              <div
                class="c-skill"
              >
                <figure
                  style="background-color: rgb(221, 58, 10);"
                >
                  <svg
                    class="c-skill__icon"
                    height="34"
                    width="34"
                  >
                    <use
                      xlink:href="#svg-postcss"
                    />
                  </svg>
                </figure>
                <p>
                  <strong>
                    PostCSS
                  </strong>
                  Since 2014
                </p>
              </div>
            </div>
            <div
              class="o-grid__item xs-12 sm-6 md-4 lg-3"
            >
              <div
                class="c-skill"
              >
                <figure
                  style="background-color: rgb(255, 255, 255);"
                >
                  <svg
                    class="c-skill__icon"
                    height="34"
                    width="34"
                  >
                    <use
                      xlink:href="#svg-posthtml"
                    />
                  </svg>
                </figure>
                <p>
                  <strong>
                    PostHTML
                  </strong>
                  Since 2016
                </p>
              </div>
            </div>
            <div
              class="o-grid__item xs-12 sm-6 md-4 lg-3"
            >
              <div
                class="c-skill"
              >
                <figure
                  style="background-color: rgb(255, 108, 55);"
                >
                  <svg
                    class="c-skill__icon"
                    height="34"
                    width="34"
                  >
                    <use
                      xlink:href="#svg-postman"
                    />
                  </svg>
                </figure>
                <p>
                  <strong>
                    Postman
                  </strong>
                  Since 2019
                </p>
              </div>
            </div>
            <div
              class="o-grid__item xs-12 sm-6 md-4 lg-3"
            >
              <div
                class="c-skill"
              >
                <figure
                  style="background-color: rgb(247, 185, 62);"
                >
                  <svg
                    class="c-skill__icon"
                    height="34"
                    width="34"
                  >
                    <use
                      xlink:href="#svg-prettier"
                    />
                  </svg>
                </figure>
                <p>
                  <strong>
                    Prettier
                  </strong>
                  Since 2014
                </p>
              </div>
            </div>
            <div
              class="o-grid__item xs-12 sm-6 md-4 lg-3"
            >
              <div
                class="c-skill"
              >
                <figure
                  style="background-color: rgb(64, 181, 164);"
                >
                  <svg
                    class="c-skill__icon"
                    height="34"
                    width="34"
                  >
                    <use
                      xlink:href="#svg-puppeteer"
                    />
                  </svg>
                </figure>
                <p>
                  <strong>
                    Puppeteer
                  </strong>
                  Since 2019
                </p>
              </div>
            </div>
            <div
              class="o-grid__item xs-12 sm-6 md-4 lg-3"
            >
              <div
                class="c-skill"
              >
                <figure
                  style="background-color: rgb(97, 218, 251);"
                >
                  <svg
                    class="c-skill__icon"
                    height="34"
                    width="34"
                  >
                    <use
                      xlink:href="#svg-react"
                    />
                  </svg>
                </figure>
                <p>
                  <strong>
                    React
                  </strong>
                  Since 2016
                </p>
              </div>
            </div>
            <div
              class="o-grid__item xs-12 sm-6 md-4 lg-3"
            >
              <div
                class="c-skill"
              >
                <figure
                  style="background-color: rgb(202, 66, 69);"
                >
                  <svg
                    class="c-skill__icon"
                    height="34"
                    width="34"
                  >
                    <use
                      xlink:href="#svg-reactrouter"
                    />
                  </svg>
                </figure>
                <p>
                  <strong>
                    React Router
                  </strong>
                  Since 2016
                </p>
              </div>
            </div>
            <div
              class="o-grid__item xs-12 sm-6 md-4 lg-3"
            >
              <div
                class="c-skill"
              >
                <figure
                  style="background-color: rgb(118, 74, 188);"
                >
                  <svg
                    class="c-skill__icon"
                    height="34"
                    width="34"
                  >
                    <use
                      xlink:href="#svg-redux"
                    />
                  </svg>
                </figure>
                <p>
                  <strong>
                    Redux
                  </strong>
                  Since 2016
                </p>
              </div>
            </div>
            <div
              class="o-grid__item xs-12 sm-6 md-4 lg-3"
            >
              <div
                class="c-skill"
              >
                <figure
                  style="background-color: rgb(153, 153, 153);"
                >
                  <svg
                    class="c-skill__icon"
                    height="34"
                    width="34"
                  >
                    <use
                      xlink:href="#svg-reduxsaga"
                    />
                  </svg>
                </figure>
                <p>
                  <strong>
                    Redux Saga
                  </strong>
                  Since 2018
                </p>
              </div>
            </div>
            <div
              class="o-grid__item xs-12 sm-6 md-4 lg-3"
            >
              <div
                class="c-skill"
              >
                <figure
                  style="background-color: rgb(26, 31, 108);"
                >
                  <svg
                    class="c-skill__icon"
                    height="34"
                    width="34"
                  >
                    <use
                      xlink:href="#svg-renovatebot"
                    />
                  </svg>
                </figure>
                <p>
                  <strong>
                    Renovate
                  </strong>
                  Since 2017
                </p>
              </div>
            </div>
            <div
              class="o-grid__item xs-12 sm-6 md-4 lg-3"
            >
              <div
                class="c-skill"
              >
                <figure
                  style="background-color: rgb(236, 74, 63);"
                >
                  <svg
                    class="c-skill__icon"
                    height="34"
                    width="34"
                  >
                    <use
                      xlink:href="#svg-rollupdotjs"
                    />
                  </svg>
                </figure>
                <p>
                  <strong>
                    Rollup
                  </strong>
                  Since 2018
                </p>
              </div>
            </div>
            <div
              class="o-grid__item xs-12 sm-6 md-4 lg-3"
            >
              <div
                class="c-skill"
              >
                <figure
                  style="background-color: rgb(204, 102, 153);"
                >
                  <svg
                    class="c-skill__icon"
                    height="34"
                    width="34"
                  >
                    <use
                      xlink:href="#svg-sass"
                    />
                  </svg>
                </figure>
                <p>
                  <strong>
                    SASS
                  </strong>
                  Since 2012
                </p>
              </div>
            </div>
            <div
              class="o-grid__item xs-12 sm-6 md-4 lg-3"
            >
              <div
                class="c-skill"
              >
                <figure
                  style="background-color: rgb(54, 45, 89);"
                >
                  <svg
                    class="c-skill__icon"
                    height="34"
                    width="34"
                  >
                    <use
                      xlink:href="#svg-sentry"
                    />
                  </svg>
                </figure>
                <p>
                  <strong>
                    Sentry
                  </strong>
                  Since 2019
                </p>
              </div>
            </div>
            <div
              class="o-grid__item xs-12 sm-6 md-4 lg-3"
            >
              <div
                class="c-skill"
              >
                <figure
                  style="background-color: rgb(247, 181, 0);"
                >
                  <svg
                    class="c-skill__icon"
                    height="34"
                    width="34"
                  >
                    <use
                      xlink:href="#svg-sketch"
                    />
                  </svg>
                </figure>
                <p>
                  <strong>
                    Sketch
                  </strong>
                  Since 2017
                </p>
              </div>
            </div>
            <div
              class="o-grid__item xs-12 sm-6 md-4 lg-3"
            >
              <div
                class="c-skill"
              >
                <figure
                  style="background-color: rgb(54, 54, 54);"
                >
                  <svg
                    class="c-skill__icon"
                    height="34"
                    width="34"
                  >
                    <use
                      xlink:href="#svg-solidity"
                    />
                  </svg>
                </figure>
                <p>
                  <strong>
                    Solidity
                  </strong>
                  Since 2022
                </p>
              </div>
            </div>
            <div
              class="o-grid__item xs-12 sm-6 md-4 lg-3"
            >
              <div
                class="c-skill"
              >
                <figure
                  style="background-color: rgb(219, 112, 147);"
                >
                  <svg
                    class="c-skill__icon"
                    height="34"
                    width="34"
                  >
                    <use
                      xlink:href="#svg-styledcomponents"
                    />
                  </svg>
                </figure>
                <p>
                  <strong>
                    Styled Components
                  </strong>
                  Since 2018
                </p>
              </div>
            </div>
            <div
              class="o-grid__item xs-12 sm-6 md-4 lg-3"
            >
              <div
                class="c-skill"
              >
                <figure
                  style="background-color: rgb(38, 50, 56);"
                >
                  <svg
                    class="c-skill__icon"
                    height="34"
                    width="34"
                  >
                    <use
                      xlink:href="#svg-stylelint"
                    />
                  </svg>
                </figure>
                <p>
                  <strong>
                    Stylelint
                  </strong>
                  Since 2017
                </p>
              </div>
            </div>
            <div
              class="o-grid__item xs-12 sm-6 md-4 lg-3"
            >
              <div
                class="c-skill"
              >
                <figure
                  style="background-color: rgb(51, 51, 51);"
                >
                  <svg
                    class="c-skill__icon"
                    height="34"
                    width="34"
                  >
                    <use
                      xlink:href="#svg-stylus"
                    />
                  </svg>
                </figure>
                <p>
                  <strong>
                    Stylus
                  </strong>
                  Since 2019
                </p>
              </div>
            </div>
            <div
              class="o-grid__item xs-12 sm-6 md-4 lg-3"
            >
              <div
                class="c-skill"
              >
                <figure
                  style="background-color: rgb(255, 152, 0);"
                >
                  <svg
                    class="c-skill__icon"
                    height="34"
                    width="34"
                  >
                    <use
                      xlink:href="#svg-sublimetext"
                    />
                  </svg>
                </figure>
                <p>
                  <strong>
                    Sublime Text
                  </strong>
                  Since 2010
                </p>
              </div>
            </div>
            <div
              class="o-grid__item xs-12 sm-6 md-4 lg-3"
            >
              <div
                class="c-skill"
              >
                <figure
                  style="background-color: rgb(128, 156, 201);"
                >
                  <svg
                    class="c-skill__icon"
                    height="34"
                    width="34"
                  >
                    <use
                      xlink:href="#svg-subversion"
                    />
                  </svg>
                </figure>
                <p>
                  <strong>
                    Subversion
                  </strong>
                  Since 2010
                </p>
              </div>
            </div>
            <div
              class="o-grid__item xs-12 sm-6 md-4 lg-3"
            >
              <div
                class="c-skill"
              >
                <figure
                  style="background-color: rgb(255, 177, 59);"
                >
                  <svg
                    class="c-skill__icon"
                    height="34"
                    width="34"
                  >
                    <use
                      xlink:href="#svg-svg"
                    />
                  </svg>
                </figure>
                <p>
                  <strong>
                    SVG
                  </strong>
                  Since 2011
                </p>
              </div>
            </div>
            <div
              class="o-grid__item xs-12 sm-6 md-4 lg-3"
            >
              <div
                class="c-skill"
              >
                <figure
                  style="background-color: rgb(62, 127, 193);"
                >
                  <svg
                    class="c-skill__icon"
                    height="34"
                    width="34"
                  >
                    <use
                      xlink:href="#svg-svgo"
                    />
                  </svg>
                </figure>
                <p>
                  <strong>
                    SVGO
                  </strong>
                  Since 2018
                </p>
              </div>
            </div>
            <div
              class="o-grid__item xs-12 sm-6 md-4 lg-3"
            >
              <div
                class="c-skill"
              >
                <figure
                  style="background-color: rgb(133, 234, 45);"
                >
                  <svg
                    class="c-skill__icon"
                    height="34"
                    width="34"
                  >
                    <use
                      fill="#000"
                      xlink:href="#svg-swagger"
                    />
                  </svg>
                </figure>
                <p>
                  <strong>
                    Swagger
                  </strong>
                  Since 2019
                </p>
              </div>
            </div>
            <div
              class="o-grid__item xs-12 sm-6 md-4 lg-3"
            >
              <div
                class="c-skill"
              >
                <figure
                  style="background-color: rgb(99, 50, 246);"
                >
                  <svg
                    class="c-skill__icon"
                    height="34"
                    width="34"
                  >
                    <use
                      xlink:href="#svg-swiper"
                    />
                  </svg>
                </figure>
                <p>
                  <strong>
                    Swiper
                  </strong>
                  Since 2017
                </p>
              </div>
            </div>
            <div
              class="o-grid__item xs-12 sm-6 md-4 lg-3"
            >
              <div
                class="c-skill"
              >
                <figure
                  style="background-color: rgb(227, 51, 50);"
                >
                  <svg
                    class="c-skill__icon"
                    height="34"
                    width="34"
                  >
                    <use
                      xlink:href="#svg-testinglibrary"
                    />
                  </svg>
                </figure>
                <p>
                  <strong>
                    Testing Library
                  </strong>
                  Since 2021
                </p>
              </div>
            </div>
            <div
              class="o-grid__item xs-12 sm-6 md-4 lg-3"
            >
              <div
                class="c-skill"
              >
                <figure
                  style="background-color: rgb(62, 170, 175);"
                >
                  <svg
                    class="c-skill__icon"
                    height="34"
                    width="34"
                  >
                    <use
                      fill="#000"
                      xlink:href="#svg-travisci"
                    />
                  </svg>
                </figure>
                <p>
                  <strong>
                    Travis CI
                  </strong>
                  Since 2017
                </p>
              </div>
            </div>
            <div
              class="o-grid__item xs-12 sm-6 md-4 lg-3"
            >
              <div
                class="c-skill"
              >
                <figure
                  style="background-color: rgb(49, 120, 198);"
                >
                  <svg
                    class="c-skill__icon"
                    height="34"
                    width="34"
                  >
                    <use
                      xlink:href="#svg-tsnode"
                    />
                  </svg>
                </figure>
                <p>
                  <strong>
                    TS-Node
                  </strong>
                  Since 2020
                </p>
              </div>
            </div>
            <div
              class="o-grid__item xs-12 sm-6 md-4 lg-3"
            >
              <div
                class="c-skill"
              >
                <figure
                  style="background-color: rgb(49, 120, 198);"
                >
                  <svg
                    class="c-skill__icon"
                    height="34"
                    width="34"
                  >
                    <use
                      xlink:href="#svg-typescript"
                    />
                  </svg>
                </figure>
                <p>
                  <strong>
                    Typescript
                  </strong>
                  Since 2017
                </p>
              </div>
            </div>
            <div
              class="o-grid__item xs-12 sm-6 md-4 lg-3"
            >
              <div
                class="c-skill"
              >
                <figure
                  style="background-color: rgb(0, 0, 0);"
                >
                  <svg
                    class="c-skill__icon"
                    height="34"
                    width="34"
                  >
                    <use
                      xlink:href="#svg-vercel"
                    />
                  </svg>
                </figure>
                <p>
                  <strong>
                    Vercel
                  </strong>
                  Since 2019
                </p>
              </div>
            </div>
            <div
              class="o-grid__item xs-12 sm-6 md-4 lg-3"
            >
              <div
                class="c-skill"
              >
                <figure
                  style="background-color: rgb(0, 122, 204);"
                >
                  <svg
                    class="c-skill__icon"
                    height="34"
                    width="34"
                  >
                    <use
                      xlink:href="#svg-visualstudiocode"
                    />
                  </svg>
                </figure>
                <p>
                  <strong>
                    Visual Studio Code
                  </strong>
                  Since 2017
                </p>
              </div>
            </div>
            <div
              class="o-grid__item xs-12 sm-6 md-4 lg-3"
            >
              <div
                class="c-skill"
              >
                <figure
                  style="background-color: rgb(100, 108, 255);"
                >
                  <svg
                    class="c-skill__icon"
                    height="34"
                    width="34"
                  >
                    <use
                      xlink:href="#svg-vite"
                    />
                  </svg>
                </figure>
                <p>
                  <strong>
                    Vite
                  </strong>
                  Since 2022
                </p>
              </div>
            </div>
            <div
              class="o-grid__item xs-12 sm-6 md-4 lg-3"
            >
              <div
                class="c-skill"
              >
                <figure
                  style="background-color: rgb(79, 192, 141);"
                >
                  <svg
                    class="c-skill__icon"
                    height="34"
                    width="34"
                  >
                    <use
                      xlink:href="#svg-vuedotjs"
                    />
                  </svg>
                </figure>
                <p>
                  <strong>
                    Vue
                  </strong>
                  Since 2016
                </p>
              </div>
            </div>
            <div
              class="o-grid__item xs-12 sm-6 md-4 lg-3"
            >
              <div
                class="c-skill"
              >
                <figure
                  style="background-color: rgb(79, 192, 141);"
                >
                  <svg
                    class="c-skill__icon"
                    height="34"
                    width="34"
                  >
                    <use
                      xlink:href="#svg-vuepress"
                    />
                  </svg>
                </figure>
                <p>
                  <strong>
                    VuePress
                  </strong>
                  Since 2019
                </p>
              </div>
            </div>
            <div
              class="o-grid__item xs-12 sm-6 md-4 lg-3"
            >
              <div
                class="c-skill"
              >
                <figure
                  style="background-color: rgb(141, 214, 249);"
                >
                  <svg
                    class="c-skill__icon"
                    height="34"
                    width="34"
                  >
                    <use
                      fill="#000"
                      xlink:href="#svg-webpack"
                    />
                  </svg>
                </figure>
                <p>
                  <strong>
                    Webpack
                  </strong>
                  Since 2015
                </p>
              </div>
            </div>
            <div
              class="o-grid__item xs-12 sm-6 md-4 lg-3"
            >
              <div
                class="c-skill"
              >
                <figure
                  style="background-color: rgb(33, 117, 155);"
                >
                  <svg
                    class="c-skill__icon"
                    height="34"
                    width="34"
                  >
                    <use
                      xlink:href="#svg-wordpress"
                    />
                  </svg>
                </figure>
                <p>
                  <strong>
                    WordPress
                  </strong>
                  Since 2013
                </p>
              </div>
            </div>
            <div
              class="o-grid__item xs-12 sm-6 md-4 lg-3"
            >
              <div
                class="c-skill"
              >
                <figure
                  style="background-color: rgb(251, 122, 36);"
                >
                  <svg
                    class="c-skill__icon"
                    height="34"
                    width="34"
                  >
                    <use
                      xlink:href="#svg-xampp"
                    />
                  </svg>
                </figure>
                <p>
                  <strong>
                    XAMPP
                  </strong>
                  Since 2013
                </p>
              </div>
            </div>
            <div
              class="o-grid__item xs-12 sm-6 md-4 lg-3"
            >
              <div
                class="c-skill"
              >
                <figure
                  style="background-color: rgb(44, 142, 187);"
                >
                  <svg
                    class="c-skill__icon"
                    height="34"
                    width="34"
                  >
                    <use
                      xlink:href="#svg-yarn"
                    />
                  </svg>
                </figure>
                <p>
                  <strong>
                    Yarn
                  </strong>
                  Since 2016
                </p>
              </div>
            </div>
          </div>
        </div>
        <div
          class="c-section__actions"
        >
          <button
            class="c-btn"
            type="button"
          >
            Get in touch
          </button>
          <ul
            class="c-section__actions-list"
          >
            <li>
              <button
                class="c-btn c-section__actions-close"
                type="button"
              >
                Close
              </button>
            </li>
            <li>
              <button
                class="c-btn"
                type="button"
              >
                <svg
                  class="c-section__actions-icon"
                >
                  <use
                    xlink:href="#svg-email"
                  />
                </svg>
                <span>
                  Contact me
                </span>
                <strong>
                  directly
                </strong>
              </button>
            </li>
            <li>
              <a
                class="c-btn"
                href="https://app.usebraintrust.com/talent/782/"
                rel="noopener noreferrer"
                target="_blank"
              >
                <svg
                  class="c-section__actions-icon"
                >
                  <use
                    xlink:href="#svg-braintrust"
                  />
                </svg>
                <span>
                  Hire me on
                </span>
                <strong>
                  Braintrust
                </strong>
                <svg
                  class="c-svg-external-link"
                >
                  <use
                    xlink:href="#svg-external-link"
                  />
                </svg>
              </a>
            </li>
            <li>
              <a
                class="c-btn"
                href="https://www.toptal.com/resume/atanas-atanasov"
                rel="noopener noreferrer"
                target="_blank"
              >
                <svg
                  class="c-section__actions-icon"
                >
                  <use
                    xlink:href="#svg-toptal"
                  />
                </svg>
                <span>
                  Hire me on
                </span>
                <strong>
                  Toptal
                </strong>
                <svg
                  class="c-svg-external-link"
                >
                  <use
                    xlink:href="#svg-external-link"
                  />
                </svg>
              </a>
            </li>
          </ul>
          <br
            class="visible-xs-block"
          />
          <button
            class="c-btn"
          >
            Static mode
          </button>
        </div>
      </div>
    </section>
  </main>
</DocumentFragment>
`;

exports[`Skills component Should unmount the Skills component 1`] = `<DocumentFragment />`;
