// Jest Snapshot v1, https://goo.gl/fbAQLP

exports[`Header component Should render the Header component 1`] = `
<header
  className="c-header"
>
  <Link
    className="c-logo"
    title="Back to homepage"
    to="/"
  >
    <Component
      className="c-svg-logo"
      name="svg-logo"
    />
  </Link>
  <button
    aria-label="Toggle menu"
    className="c-nav__toggle"
    name="menu-toggle"
    onClick={[Function]}
  >
    <span />
    <span />
    <span />
  </button>
  <Component
    onClick={[Function]}
  />
</header>
`;
