// Jest Snapshot v1, https://goo.gl/fbAQLP

exports[`Music component Should render the Music component 1`] = `
<DocumentFragment>
  <main
    class="o-main o-main--high"
  >
    <section
      class="c-section c-section--music"
      id="music"
    >
      <div
        class="o-shell"
      >
        <div
          class="c-music"
        >
          <audio
            controls=""
            crossorigin="anonymous"
            hidden=""
            src="https://dl.dropbox.com/s/fh1igvfnzzucnmh/Scriptex_-_01_-_La_Playa%28Invader__2004%29.mp3?dl=0"
          />
          <canvas
            height="768"
            style="opacity: 0;"
            width="1024"
          />
          <button
            class="c-music__menu"
          >
            Pick a track
          </button>
          <button
            class="c-music__btn c-music__btn--pause"
            hidden=""
          >
            <svg
              viewBox="0 0 24 24"
              xmlns="http://www.w3.org/2000/svg"
            >
              <path
                d="M6 19h4V5H6v14zm8-14v14h4V5h-4z"
              />
            </svg>
            Pause
          </button>
          <button
            class="c-music__btn c-music__btn--play"
          >
            <svg
              viewBox="0 0 24 24"
              xmlns="http://www.w3.org/2000/svg"
            >
              <path
                d="M8 5v14l11-7z"
              />
            </svg>
            Play
          </button>
          <div
            class="c-music__tracks"
            hidden=""
          >
            <button
              class="active"
            >
              Scriptex - La Playa
            </button>
            <button>
              Scriptex - Clash
            </button>
            <button>
              Scriptex - Joe Cocker - U Can Leave Your Hat On
            </button>
            <button>
              Scriptex - Energy
            </button>
            <button>
              Scriptex - Dance Anthem (Energy part II)
            </button>
            <button>
              Scriptex with Serum - Invader
            </button>
            <button>
              Scriptex - Some Somtin
            </button>
            <button>
              Scriptex - Snap - The Power (Energy mix)
            </button>
            <button>
              Scriptex - Lights
            </button>
            <button>
              Scriptex with Serum - Attack
            </button>
            <button>
              Scriptex - Check Yoself
            </button>
            <button>
              Scriptex - Spheric Triangle
            </button>
            <button>
              Scriptex - Cycle Round
            </button>
            <button>
              Scriptex - Get This!
            </button>
            <button>
              Scriptex - Gabber Myth
            </button>
            <button>
              Scriptex - Energy
            </button>
            <button>
              Scriptex - Schwefelsaure
            </button>
            <button>
              Scriptex - Cycle Round
            </button>
            <button>
              Scriptex - Black Soul
            </button>
            <button>
              Scriptex - Gravity
            </button>
            <button>
              Scriptex - Winter Dance
            </button>
            <button>
              Scriptex with Linderman - The Heart (edit)
            </button>
            <button>
              Scriptex - U Got Me
            </button>
            <button>
              Scriptex - April Joke
            </button>
            <button>
              Scriptex - Miracle
            </button>
            <button>
              Scriptex - Spring or Summer
            </button>
            <button>
              Scriptex - Last Night Preparation
            </button>
            <button>
              Scriptex - U Got Me (remix)
            </button>
            <button>
              Scriptex with Serum - Tribute to Jay-Z
            </button>
            <button>
              Scriptex - Accidently
            </button>
            <button>
              Scriptex & Serum - The Driller
            </button>
            <button>
              Scriptex & Serum - The Blasters
            </button>
            <button>
              Scriptex & Serum - The Demag
            </button>
            <button>
              Scriptex & Serum - The Cat
            </button>
            <button>
              Scriptex & Serum - The Process Plant
            </button>
            <button>
              Scriptex - Tamper Trouble
            </button>
            <button>
              Scriptex - Sadness Tale
            </button>
            <button>
              Scriptex - Alright
            </button>
            <button>
              Scriptex - Alone
            </button>
            <button>
              Scriptex - Movement
            </button>
            <button>
              Scriptex - Drum Expo
            </button>
            <button>
              Scriptex - One Night
            </button>
            <button>
              Scriptex - The Winner
            </button>
            <button>
              Scriptex - Brick's Thoughts
            </button>
            <button>
              Scriptex - Acceleration
            </button>
            <button>
              Scriptex - Joy
            </button>
            <button>
              Scriptex - Extraordinary
            </button>
            <button>
              Scriptex - Party Session part 1
            </button>
            <button>
              Scriptex - Party Session part 2
            </button>
            <button>
              Scriptex - Party Session part 3
            </button>
            <button>
              Scriptex - Party Session part 4
            </button>
            <button>
              Scriptex - T.B.C.
            </button>
            <button>
              Scriptex - Space
            </button>
            <button>
              Scriptex - Dixi
            </button>
            <button>
              Scriptex - Andaverse
            </button>
            <button>
              Scriptex - Military Situation
            </button>
            <button>
              Scriptex - Trip Hop is Dead
            </button>
            <button>
              Scriptex - Bull Fight
            </button>
            <button>
              Scriptex - Curse
            </button>
            <button>
              Scriptex - Reload
            </button>
            <button>
              Scriptex - Alien Attack
            </button>
            <button>
              Scriptex - The Professionalist
            </button>
            <button>
              Scriptex - Mesmerizing
            </button>
            <button>
              Scriptex - Robotica
            </button>
            <button>
              Scriptex - Boom x3 (Question No. 14)
            </button>
            <button>
              Scriptex - Alien Attack (Full version)
            </button>
          </div>
          <h2
            style="opacity: 1;"
          >
            Pick a track and 
            <br />
             press the play button.
          </h2>
        </div>
        <div
          class="c-section__actions"
        >
          <button
            class="c-btn "
            type="button"
          >
            Get in touch
          </button>
          <ul
            class="c-section__actions-list"
          >
            <li>
              <button
                class="c-btn c-section__actions-close"
                type="button"
              >
                Close
              </button>
            </li>
            <li>
              <button
                class="c-btn "
                type="button"
              >
                <svg
                  class="c-section__actions-icon"
                >
                  <use
                    xlink:href="#svg-email"
                  />
                </svg>
                <span>
                  Contact me
                </span>
                <strong>
                  directly
                </strong>
              </button>
            </li>
            <li>
              <a
                class="c-btn"
                href="https://app.usebraintrust.com/talent/782/"
                rel="noopener noreferrer"
                target="_blank"
              >
                <svg
                  class="c-section__actions-icon"
                >
                  <use
                    xlink:href="#svg-braintrust"
                  />
                </svg>
                <span>
                  Hire me on
                </span>
                <strong>
                  Braintrust
                </strong>
              </a>
            </li>
            <li>
              <a
                class="c-btn"
                href="https://www.toptal.com/resume/atanas-atanasov"
                rel="noopener noreferrer"
                target="_blank"
              >
                <svg
                  class="c-section__actions-icon"
                >
                  <use
                    xlink:href="#svg-toptal"
                  />
                </svg>
                <span>
                  Hire me on
                </span>
                <strong>
                  Toptal
                </strong>
              </a>
            </li>
          </ul>
        </div>
      </div>
    </section>
  </main>
</DocumentFragment>
`;
