// Jest Snapshot v1, https://jestjs.io/docs/snapshot-testing

exports[`App component Should render the App component 1`] = `
<DocumentFragment>
  <style>
    
				:root {
					--font-fira-sans: Fira Sans;
				}
			
  </style>
  <div />
  Vercel AnalyticsVercel Speed Insights
</DocumentFragment>
`;

exports[`App component Should unmount the App component 1`] = `<DocumentFragment />`;
