// Jest Snapshot v1, https://goo.gl/fbAQLP

exports[`App component Should render the App component 1`] = `
<BrowserRouter>
  <ScrollToTop />
  <Suspense
    fallback={<Loader />}
  >
    <ContextProvider
      value={
        Object {
          "contactVisible": false,
          "setContactVisible": [Function],
        }
      }
    >
      <Head />
      <Svg
        src="/sprite.svg"
      />
      <Header />
      <Contact />
      <Routes>
        <Route
          element={<UNDEFINED />}
          path="/"
        />
        <Route
          element={<UNDEFINED />}
          path="/about"
        />
        <Route
          element={<UNDEFINED />}
          path="/timeline"
        />
        <Route
          element={<UNDEFINED />}
          path="/skills"
        />
        <Route
          element={<UNDEFINED />}
          path="/portfolio"
        />
        <Route
          element={
            <UNDEFINED
              data={
                Object {
                  "github": undefined,
                  "gitlab": undefined,
                }
              }
            />
          }
          path="/stats"
        />
        <Route
          element={<UNDEFINED />}
          path="/slides"
        />
        <Route
          element={<UNDEFINED />}
          path="/videos"
        />
        <Route
          element={<UNDEFINED />}
          path="/articles"
        />
        <Route
          element={<UNDEFINED />}
          path="/certificates"
        />
        <Route
          element={<UNDEFINED />}
          path="/social"
        />
        <Route
          element={<UNDEFINED />}
          path="/blog"
        />
        <Route
          element={<UNDEFINED />}
          path="/blog/:slug"
        />
        <Route
          element={<UNDEFINED />}
          path="/resume"
        />
        <Route
          element={<UNDEFINED />}
          path="/interactive-resume"
        />
        <Route
          element={<UNDEFINED />}
          path="/music"
        />
        <Route
          element={<UNDEFINED />}
          path="*"
        />
      </Routes>
      <Nav
        className="c-nav--inline"
        hasShell={true}
      />
      <Footer />
    </ContextProvider>
  </Suspense>
</BrowserRouter>
`;
