// Jest Snapshot v1, https://goo.gl/fbAQLP

exports[`SectionNav component Should render the SectionNav component 1`] = `
<DocumentFragment>
  <nav
    class="c-section__nav"
  >
    <ul>
      <li
        class="current"
      >
        <button
          aria-label="Switch to Title 1"
          class="c-btn"
          type="button"
        >
          Title 1
        </button>
      </li>
      <li>
        <button
          aria-label="Switch to Title 2"
          class="c-btn"
          type="button"
        >
          Title 2
        </button>
      </li>
    </ul>
  </nav>
</DocumentFragment>
`;

exports[`SectionNav component Should render the SectionNav component 2`] = `
<DocumentFragment>
  <nav
    class="c-section__nav"
  >
    <ul>
      <li
        class="current"
      >
        <button
          aria-label="Switch to Title 1"
          class="c-btn"
          type="button"
        >
          Title 1
        </button>
      </li>
      <li>
        <button
          aria-label="Switch to Title 2"
          class="c-btn"
          type="button"
        >
          Title 2
        </button>
      </li>
    </ul>
  </nav>
</DocumentFragment>
`;
