// Jest Snapshot v1, https://goo.gl/fbAQLP

exports[`Footer component Should render the Footer component 1`] = `
<DocumentFragment>
  <footer
    class="c-footer"
  >
    <div
      class="o-shell o-shell--flex"
    >
      <p>
        © 2024 Atanas Atanasov. 
        <br
          class="visible-xs-block"
        />
        All rights reserved.
      </p>
      <social-links />
    </div>
    <div
      class="o-shell text-center"
    >
      <small>
        Designed and developed by Atanas Atanasov.
      </small>
      <small>
        All code is licensed under 
        <a
          href="https://github.com/scriptex/atanas.info/blob/master/LICENSE"
          rel="noopener noreferrer"
          target="_blank"
        >
          MIT license
          <svg
            class="c-svg-external-link"
          >
            <use
              xlink:href="#svg-external-link"
            />
          </svg>
        </a>
         and available 
        <a
          href="https://github.com/scriptex/atanas.info/"
          rel="noopener noreferrer"
          target="_blank"
        >
          on Github
          <svg
            class="c-svg-external-link"
          >
            <use
              xlink:href="#svg-external-link"
            />
          </svg>
        </a>
        .
      </small>
      <small>
        Updated at Mock date
      </small>
      <div
        class="c-funding"
      >
        <button
          class="c-btn c-btn--small"
          type="button"
        >
          Sponsor me
        </button>
        <button
          class="c-funding__backdrop"
        />
        <svg
          class="c-funding__knob"
          viewBox="-100 -100 700 700"
        >
          <g>
            <g
              class="c-funding__item"
              transform="matrix(1,0,0,1,0,0)"
            >
              <path
                d="M250,250 l250,0 A250,250 0 0,0 375,33.49364905389035 z"
                fill="none"
              />
              <a
                href="https://example.com/1"
                rel="noopener noreferrer"
                target="_blank"
              >
                <text
                  fill="var(--color-secondary)"
                  font-size="1em"
                  text-anchor="middle"
                  transform="rotate(60 397.2243347167969 165)"
                  x="398"
                  y="200"
                >
                  Funding 1
                </text>
                <use
                  height="40"
                  transform="rotate(60 397.2243347167969 165)"
                  width="40"
                  x="377.2243347167969"
                  xlink:href="#svg-funding 1"
                  y="145"
                />
              </a>
            </g>
            <g
              class="c-funding__item"
              transform="matrix(0,1,1,0,1,1)"
            >
              <path
                d="M250,250 l250,0 A250,250 0 0,0 375,33.49364905389035 z"
                fill="none"
              />
              <a
                href="https://example.com/2"
                rel="noopener noreferrer"
                target="_blank"
              >
                <text
                  fill="var(--color-secondary)"
                  font-size="1em"
                  text-anchor="middle"
                  transform="rotate(60 397.2243347167969 165)"
                  x="398"
                  y="200"
                >
                  Funding 2
                </text>
                <use
                  height="40"
                  transform="rotate(60 397.2243347167969 165)"
                  width="40"
                  x="377.2243347167969"
                  xlink:href="#svg-funding 2"
                  y="145"
                />
              </a>
            </g>
          </g>
          <g
            class="c-funding__trigger"
          >
            <circle
              cx="250"
              cy="250"
              r="30"
            />
            <text
              fill="var(--color-primary)"
              font-size="2.5em"
              text-anchor="middle"
              x="250"
              y="260"
            >
              +
            </text>
          </g>
        </svg>
        <div
          class="c-funding__crypto c-funding__crypto--bitcoin"
        >
          <h6>
            Donate Bitcoin
          </h6>
          <button
            title="Donate Bitcoin"
            type="button"
          >
            <svg
              class="c-funding__crypto-icon"
            >
              <use
                xlink:href="#svg-bitcoin"
              />
            </svg>
          </button>
          <small>
            <em>
              Click to copy wallet address
            </em>
          </small>
        </div>
        <div
          class="c-funding__crypto c-funding__crypto--shiba-inu"
        >
          <h6>
            Donate Shiba Inu
          </h6>
          <button
            title="Donate Shiba Inu"
            type="button"
          >
            <svg
              class="c-funding__crypto-icon"
            >
              <use
                xlink:href="#svg-shiba-inu"
              />
            </svg>
          </button>
          <small>
            <em>
              Click to copy wallet address
            </em>
          </small>
        </div>
      </div>
      <div
        class="c-referrals"
      >
        <div
          class="c-referral"
        >
          <div
            class="c-referral__animation"
            style="height: 120px; margin-left: auto; margin-right: auto; width: 120px;"
          />
          <div
            class="c-referral__content"
          >
            <h5>
              Access the world's best freelance jobs
            </h5>
            <p>
              Your work. Your network. Your future.
            </p>
            <a
              class="c-btn c-btn--small"
              href="https://app.usebraintrust.com/r/atanas1/"
              rel="noopener noreferrer"
              target="_blank"
            >
              Apply to Braintrust
              <svg
                class="c-svg-external-link"
              >
                <use
                  xlink:href="#svg-external-link"
                />
              </svg>
            </a>
          </div>
        </div>
        <div
          class="c-referral"
        >
          <div
            class="c-referral__animation"
            style="height: 120px; margin-left: auto; margin-right: auto; width: 120px;"
          />
          <div
            class="c-referral__content"
          >
            <h5>
              Hire the Top 3% of Freelance Talent®
            </h5>
            <p>
              Trusted by leading brands and startups.
            </p>
            <a
              class="c-btn c-btn--small"
              href="https://www.toptal.com/qZg2WZ/worlds-top-talent"
              rel="noopener noreferrer"
              target="_blank"
            >
              Hire top talent
              <svg
                class="c-svg-external-link"
              >
                <use
                  xlink:href="#svg-external-link"
                />
              </svg>
            </a>
          </div>
        </div>
        <div
          class="c-referral"
        >
          <div
            class="c-referral__animation"
            style="height: 120px; margin-left: auto; margin-right: auto; width: 120px;"
          />
          <div
            class="c-referral__content"
          >
            <h5>
              Hire top tech, design, marketing talent
            </h5>
            <p>
              Innovate, fast.
            </p>
            <a
              class="c-btn c-btn--small"
              href="https://app.usebraintrust.com/r/atanas1/"
              rel="noopener noreferrer"
              target="_blank"
            >
              Hire on Braintrust
              <svg
                class="c-svg-external-link"
              >
                <use
                  xlink:href="#svg-external-link"
                />
              </svg>
            </a>
          </div>
        </div>
      </div>
    </div>
  </footer>
</DocumentFragment>
`;

exports[`Footer component Should unmount the Footer component 1`] = `<DocumentFragment />`;
